[INFO] Scanning for projects...
[INFO] 
[INFO] -----------------------< com.rentease:RentEase >------------------------
[INFO] Building RentEase 0.0.1-SNAPSHOT
[INFO]   from pom.xml
[INFO] --------------------------------[ jar ]---------------------------------
[INFO] 
[INFO] --- resources:3.3.1:resources (default-resources) @ RentEase ---
[INFO] Copying 1 resource from src\main\resources to target\classes
[INFO] Copying 2 resources from src\main\resources to target\classes
[INFO] 
[INFO] --- compiler:3.11.0:compile (default-compile) @ RentEase ---
[INFO] Changes detected - recompiling the module! :source
[INFO] Compiling 67 source files with javac [debug release 17] to target\classes
[INFO] -------------------------------------------------------------
[ERROR] COMPILATION ERROR : 
[INFO] -------------------------------------------------------------
[ERROR] /C:/Users/User/Downloads/RentEase-main/RentEase-main/backend/src/main/java/com/rentease/modules/analytics/controller/AnalyticsController.java:[6,46] cannot access com.rentease.modules.analytics.service.AnalyticsService
  bad source file: C:\Users\User\Downloads\RentEase-main\RentEase-main\backend\src\main\java\com\rentease\modules\analytics\service\AnalyticsService.java
    file does not contain class com.rentease.modules.analytics.service.AnalyticsService
    Please remove or make sure it appears in the correct subdirectory of the sourcepath.
[ERROR] /C:/Users/User/Downloads/RentEase-main/RentEase-main/backend/src/main/java/com/rentease/modules/analytics/service/AnalyticsService.java:[26,8] duplicate class: AnalyticsService
[ERROR] /C:/Users/User/Downloads/RentEase-main/RentEase-main/backend/src/main/java/com/rentease/modules/analytics/controller/AnalyticsController.java:[21,19] cannot find symbol
  symbol:   class AnalyticsService
  location: class com.rentease.modules.analytics.controller.AnalyticsController
[ERROR] /C:/Users/User/Downloads/RentEase-main/RentEase-main/backend/src/main/java/com/rentease/modules/review/service/ReviewService.java:[33,9] cannot find symbol
  symbol:   variable log
  location: class com.rentease.modules.review.service.ReviewService
[ERROR] /C:/Users/User/Downloads/RentEase-main/RentEase-main/backend/src/main/java/com/rentease/modules/review/service/ReviewService.java:[33,77] cannot find symbol
  symbol:   method getPropertyId()
  location: variable request of type com.rentease.modules.review.dto.ReviewRequest
[ERROR] /C:/Users/User/Downloads/RentEase-main/RentEase-main/backend/src/main/java/com/rentease/modules/review/service/ReviewService.java:[35,22] invalid method reference
  cannot find symbol
    symbol:   method getFullName()
    location: class com.rentease.modules.user.model.User
[ERROR] /C:/Users/User/Downloads/RentEase-main/RentEase-main/backend/src/main/java/com/rentease/modules/review/service/ReviewService.java:[38,9] cannot find symbol
  symbol:   variable log
  location: class com.rentease.modules.review.service.ReviewService
[ERROR] /C:/Users/User/Downloads/RentEase-main/RentEase-main/backend/src/main/java/com/rentease/modules/review/service/ReviewService.java:[40,31] cannot find symbol
  symbol:   method builder()
  location: class com.rentease.modules.review.model.Review
[ERROR] /C:/Users/User/Downloads/RentEase-main/RentEase-main/backend/src/main/java/com/rentease/modules/review/service/ReviewService.java:[41,36] cannot find symbol
  symbol:   method getPropertyId()
  location: variable request of type com.rentease.modules.review.dto.ReviewRequest
[ERROR] /C:/Users/User/Downloads/RentEase-main/RentEase-main/backend/src/main/java/com/rentease/modules/review/service/ReviewService.java:[44,32] cannot find symbol
  symbol:   method getRating()
  location: variable request of type com.rentease.modules.review.dto.ReviewRequest
[ERROR] /C:/Users/User/Downloads/RentEase-main/RentEase-main/backend/src/main/java/com/rentease/modules/review/service/ReviewService.java:[45,33] cannot find symbol
  symbol:   method getComment()
  location: variable request of type com.rentease.modules.review.dto.ReviewRequest
[ERROR] /C:/Users/User/Downloads/RentEase-main/RentEase-main/backend/src/main/java/com/rentease/modules/review/service/ReviewService.java:[46,32] cannot find symbol
  symbol:   method getPhotos()
  location: variable request of type com.rentease.modules.review.dto.ReviewRequest
[ERROR] /C:/Users/User/Downloads/RentEase-main/RentEase-main/backend/src/main/java/com/rentease/modules/review/service/ReviewService.java:[57,42] cannot find symbol
  symbol:   method isDeleted()
  location: variable review of type com.rentease.modules.review.model.Review
[ERROR] /C:/Users/User/Downloads/RentEase-main/RentEase-main/backend/src/main/java/com/rentease/modules/review/service/ReviewService.java:[69,31] cannot find symbol
  symbol:   method getReviewerName()
  location: variable r of type com.rentease.modules.review.model.Review
[ERROR] /C:/Users/User/Downloads/RentEase-main/RentEase-main/backend/src/main/java/com/rentease/modules/review/service/ReviewService.java:[69,62] cannot find symbol
  symbol:   method getReviewerName()
  location: variable r of type com.rentease.modules.review.model.Review
[ERROR] /C:/Users/User/Downloads/RentEase-main/RentEase-main/backend/src/main/java/com/rentease/modules/review/service/ReviewService.java:[70,22] invalid method reference
  cannot find symbol
    symbol:   method getReviewerId()
    location: class com.rentease.modules.review.model.Review
[ERROR] /C:/Users/User/Downloads/RentEase-main/RentEase-main/backend/src/main/java/com/rentease/modules/review/service/ReviewService.java:[74,43] invalid method reference
  cannot find symbol
    symbol:   method getId()
    location: class com.rentease.modules.user.model.User
[ERROR] /C:/Users/User/Downloads/RentEase-main/RentEase-main/backend/src/main/java/com/rentease/modules/review/service/ReviewService.java:[74,88] invalid method reference
  cannot find symbol
    symbol:   method getFullName()
    location: class com.rentease.modules.user.model.User
[ERROR] /C:/Users/User/Downloads/RentEase-main/RentEase-main/backend/src/main/java/com/rentease/modules/review/service/ReviewService.java:[79,29] cannot find symbol
  symbol:   method getReviewerName()
  location: variable resp of type com.rentease.modules.review.dto.ReviewResponse
[ERROR] /C:/Users/User/Downloads/RentEase-main/RentEase-main/backend/src/main/java/com/rentease/modules/review/service/ReviewService.java:[79,63] cannot find symbol
  symbol:   method getReviewerName()
  location: variable resp of type com.rentease.modules.review.dto.ReviewResponse
[ERROR] /C:/Users/User/Downloads/RentEase-main/RentEase-main/backend/src/main/java/com/rentease/modules/review/service/ReviewService.java:[80,70] cannot find symbol
  symbol:   method getReviewerId()
  location: variable r of type com.rentease.modules.review.model.Review
[ERROR] /C:/Users/User/Downloads/RentEase-main/RentEase-main/backend/src/main/java/com/rentease/modules/review/service/ReviewService.java:[80,92] cannot find symbol
  symbol:   method getReviewerName()
  location: variable resp of type com.rentease.modules.review.dto.ReviewResponse
[ERROR] /C:/Users/User/Downloads/RentEase-main/RentEase-main/backend/src/main/java/com/rentease/modules/review/service/ReviewService.java:[104,24] cannot find symbol
  symbol:   method getPropertyId()
  location: variable review of type com.rentease.modules.review.model.Review
[ERROR] /C:/Users/User/Downloads/RentEase-main/RentEase-main/backend/src/main/java/com/rentease/modules/review/service/ReviewService.java:[105,71] cannot find symbol
  symbol:   method getPropertyId()
  location: variable review of type com.rentease.modules.review.model.Review
[ERROR] /C:/Users/User/Downloads/RentEase-main/RentEase-main/backend/src/main/java/com/rentease/modules/review/service/ReviewService.java:[106,98] cannot find symbol
  symbol:   method getPropertyId()
  location: variable review of type com.rentease.modules.review.model.Review
[ERROR] /C:/Users/User/Downloads/RentEase-main/RentEase-main/backend/src/main/java/com/rentease/modules/review/service/ReviewService.java:[107,30] cannot find symbol
  symbol:   method getOwnerId()
  location: variable property of type com.rentease.modules.property.model.Property
[ERROR] /C:/Users/User/Downloads/RentEase-main/RentEase-main/backend/src/main/java/com/rentease/modules/review/service/ReviewService.java:[113,15] cannot find symbol
  symbol:   method setStatus(com.rentease.common.enums.ReviewStatus)
  location: variable review of type com.rentease.modules.review.model.Review
[ERROR] /C:/Users/User/Downloads/RentEase-main/RentEase-main/backend/src/main/java/com/rentease/modules/review/service/ReviewService.java:[122,20] cannot find symbol
  symbol:   method getPropertyId()
  location: variable review of type com.rentease.modules.review.model.Review
[ERROR] /C:/Users/User/Downloads/RentEase-main/RentEase-main/backend/src/main/java/com/rentease/modules/review/service/ReviewService.java:[123,67] cannot find symbol
  symbol:   method getPropertyId()
  location: variable review of type com.rentease.modules.review.model.Review
[ERROR] /C:/Users/User/Downloads/RentEase-main/RentEase-main/backend/src/main/java/com/rentease/modules/review/service/ReviewService.java:[124,94] cannot find symbol
  symbol:   method getPropertyId()
  location: variable review of type com.rentease.modules.review.model.Review
[ERROR] /C:/Users/User/Downloads/RentEase-main/RentEase-main/backend/src/main/java/com/rentease/modules/review/service/ReviewService.java:[126,26] cannot find symbol
  symbol:   method getOwnerId()
  location: variable property of type com.rentease.modules.property.model.Property
[ERROR] /C:/Users/User/Downloads/RentEase-main/RentEase-main/backend/src/main/java/com/rentease/modules/review/service/ReviewService.java:[131,15] cannot find symbol
  symbol:   method setOwnerReply(java.lang.String)
  location: variable review of type com.rentease.modules.review.model.Review
[ERROR] /C:/Users/User/Downloads/RentEase-main/RentEase-main/backend/src/main/java/com/rentease/modules/review/service/ReviewService.java:[132,15] cannot find symbol
  symbol:   method setRepliedAt(java.time.LocalDateTime)
  location: variable review of type com.rentease.modules.review.model.Review
[ERROR] /C:/Users/User/Downloads/RentEase-main/RentEase-main/backend/src/main/java/com/rentease/modules/review/service/ReviewService.java:[139,9] cannot find symbol
  symbol:   variable log
  location: class com.rentease.modules.review.service.ReviewService
[ERROR] /C:/Users/User/Downloads/RentEase-main/RentEase-main/backend/src/main/java/com/rentease/modules/review/service/ReviewService.java:[143,20] cannot find symbol
  symbol:   method getReviewerId()
  location: variable review of type com.rentease.modules.review.model.Review
[ERROR] /C:/Users/User/Downloads/RentEase-main/RentEase-main/backend/src/main/java/com/rentease/modules/review/service/ReviewService.java:[144,13] cannot find symbol
  symbol:   variable log
  location: class com.rentease.modules.review.service.ReviewService
[ERROR] /C:/Users/User/Downloads/RentEase-main/RentEase-main/backend/src/main/java/com/rentease/modules/review/service/ReviewService.java:[144,81] cannot find symbol
  symbol:   method getReviewerId()
  location: variable review of type com.rentease.modules.review.model.Review
[ERROR] /C:/Users/User/Downloads/RentEase-main/RentEase-main/backend/src/main/java/com/rentease/modules/review/service/ReviewService.java:[148,33] cannot find symbol
  symbol:   method getRating()
  location: variable request of type com.rentease.modules.review.dto.ReviewRequest
[ERROR] /C:/Users/User/Downloads/RentEase-main/RentEase-main/backend/src/main/java/com/rentease/modules/review/service/ReviewService.java:[149,34] cannot find symbol
  symbol:   method getComment()
  location: variable request of type com.rentease.modules.review.dto.ReviewRequest
[ERROR] /C:/Users/User/Downloads/RentEase-main/RentEase-main/backend/src/main/java/com/rentease/modules/review/service/ReviewService.java:[150,33] cannot find symbol
  symbol:   method getPhotos()
  location: variable request of type com.rentease.modules.review.dto.ReviewRequest
[ERROR] /C:/Users/User/Downloads/RentEase-main/RentEase-main/backend/src/main/java/com/rentease/modules/review/service/ReviewService.java:[152,15] cannot find symbol
  symbol:   method setStatus(com.rentease.common.enums.ReviewStatus)
  location: variable review of type com.rentease.modules.review.model.Review
[ERROR] /C:/Users/User/Downloads/RentEase-main/RentEase-main/backend/src/main/java/com/rentease/modules/review/service/ReviewService.java:[159,9] cannot find symbol
  symbol:   variable log
  location: class com.rentease.modules.review.service.ReviewService
[ERROR] /C:/Users/User/Downloads/RentEase-main/RentEase-main/backend/src/main/java/com/rentease/modules/review/service/ReviewService.java:[163,20] cannot find symbol
  symbol:   method getReviewerId()
  location: variable review of type com.rentease.modules.review.model.Review
[ERROR] /C:/Users/User/Downloads/RentEase-main/RentEase-main/backend/src/main/java/com/rentease/modules/review/service/ReviewService.java:[164,13] cannot find symbol
  symbol:   variable log
  location: class com.rentease.modules.review.service.ReviewService
[ERROR] /C:/Users/User/Downloads/RentEase-main/RentEase-main/backend/src/main/java/com/rentease/modules/review/service/ReviewService.java:[164,81] cannot find symbol
  symbol:   method getReviewerId()
  location: variable review of type com.rentease.modules.review.model.Review
[ERROR] /C:/Users/User/Downloads/RentEase-main/RentEase-main/backend/src/main/java/com/rentease/modules/review/service/ReviewService.java:[173,9] cannot find symbol
  symbol:   variable log
  location: class com.rentease.modules.review.service.ReviewService
[ERROR] /C:/Users/User/Downloads/RentEase-main/RentEase-main/backend/src/main/java/com/rentease/modules/review/service/ReviewService.java:[177,22] invalid method reference
  cannot find symbol
    symbol:   method getId()
    location: class com.rentease.modules.property.model.Property
[ERROR] /C:/Users/User/Downloads/RentEase-main/RentEase-main/backend/src/main/java/com/rentease/modules/review/service/ReviewService.java:[186,9] cannot find symbol
  symbol:   variable log
  location: class com.rentease.modules.review.service.ReviewService
[ERROR] /C:/Users/User/Downloads/RentEase-main/RentEase-main/backend/src/main/java/com/rentease/modules/review/service/ReviewService.java:[194,36] cannot find symbol
  symbol:   method getCreatedAt()
  location: variable b of type com.rentease.modules.review.dto.ReviewResponse
[ERROR] /C:/Users/User/Downloads/RentEase-main/RentEase-main/backend/src/main/java/com/rentease/modules/review/service/ReviewService.java:[194,63] cannot find symbol
  symbol:   method getCreatedAt()
  location: variable a of type com.rentease.modules.review.dto.ReviewResponse
[ERROR] /C:/Users/User/Downloads/RentEase-main/RentEase-main/backend/src/main/java/com/rentease/modules/review/service/ReviewService.java:[199,37] cannot find symbol
  symbol:   method getReviewerName()
  location: variable review of type com.rentease.modules.review.model.Review
[ERROR] /C:/Users/User/Downloads/RentEase-main/RentEase-main/backend/src/main/java/com/rentease/modules/review/service/ReviewService.java:[201,58] cannot find symbol
  symbol:   method getReviewerId()
  location: variable review of type com.rentease.modules.review.model.Review
[ERROR] /C:/Users/User/Downloads/RentEase-main/RentEase-main/backend/src/main/java/com/rentease/modules/review/service/ReviewService.java:[202,26] invalid method reference
  cannot find symbol
    symbol:   method getFullName()
    location: class com.rentease.modules.user.model.User
[ERROR] /C:/Users/User/Downloads/RentEase-main/RentEase-main/backend/src/main/java/com/rentease/modules/review/service/ReviewService.java:[206,30] cannot find symbol
  symbol:   method builder()
  location: class com.rentease.modules.review.dto.ReviewResponse
[ERROR] /C:/Users/User/Downloads/RentEase-main/RentEase-main/backend/src/main/java/com/rentease/modules/review/service/ReviewService.java:[207,27] cannot find symbol
  symbol:   method getId()
  location: variable review of type com.rentease.modules.review.model.Review
[ERROR] /C:/Users/User/Downloads/RentEase-main/RentEase-main/backend/src/main/java/com/rentease/modules/review/service/ReviewService.java:[208,35] cannot find symbol
  symbol:   method getPropertyId()
  location: variable review of type com.rentease.modules.review.model.Review
[ERROR] /C:/Users/User/Downloads/RentEase-main/RentEase-main/backend/src/main/java/com/rentease/modules/review/service/ReviewService.java:[209,35] cannot find symbol
  symbol:   method getReviewerId()
  location: variable review of type com.rentease.modules.review.model.Review
[ERROR] /C:/Users/User/Downloads/RentEase-main/RentEase-main/backend/src/main/java/com/rentease/modules/review/service/ReviewService.java:[211,31] cannot find symbol
  symbol:   method getRating()
  location: variable review of type com.rentease.modules.review.model.Review
[ERROR] /C:/Users/User/Downloads/RentEase-main/RentEase-main/backend/src/main/java/com/rentease/modules/review/service/ReviewService.java:[212,32] cannot find symbol
  symbol:   method getComment()
  location: variable review of type com.rentease.modules.review.model.Review
[ERROR] /C:/Users/User/Downloads/RentEase-main/RentEase-main/backend/src/main/java/com/rentease/modules/review/service/ReviewService.java:[213,31] cannot find symbol
  symbol:   method getPhotos()
  location: variable review of type com.rentease.modules.review.model.Review
[ERROR] /C:/Users/User/Downloads/RentEase-main/RentEase-main/backend/src/main/java/com/rentease/modules/review/service/ReviewService.java:[214,35] cannot find symbol
  symbol:   method getOwnerReply()
  location: variable review of type com.rentease.modules.review.model.Review
[ERROR] /C:/Users/User/Downloads/RentEase-main/RentEase-main/backend/src/main/java/com/rentease/modules/review/service/ReviewService.java:[215,34] cannot find symbol
  symbol:   method getRepliedAt()
  location: variable review of type com.rentease.modules.review.model.Review
[ERROR] /C:/Users/User/Downloads/RentEase-main/RentEase-main/backend/src/main/java/com/rentease/modules/review/service/ReviewService.java:[216,31] cannot find symbol
  symbol:   method getStatus()
  location: variable review of type com.rentease.modules.review.model.Review
[ERROR] /C:/Users/User/Downloads/RentEase-main/RentEase-main/backend/src/main/java/com/rentease/modules/review/service/ReviewService.java:[217,34] cannot find symbol
  symbol:   method getCreatedAt()
  location: variable review of type com.rentease.modules.review.model.Review
[ERROR] /C:/Users/User/Downloads/RentEase-main/RentEase-main/backend/src/main/java/com/rentease/modules/review/service/ReviewService.java:[218,34] cannot find symbol
  symbol:   method getUpdatedAt()
  location: variable review of type com.rentease.modules.review.model.Review
[ERROR] /C:/Users/User/Downloads/RentEase-main/RentEase-main/backend/src/main/java/com/rentease/modules/property/service/PropertyService.java:[23,37] cannot find symbol
  symbol:   method builder()
  location: class com.rentease.modules.property.model.Property
[ERROR] /C:/Users/User/Downloads/RentEase-main/RentEase-main/backend/src/main/java/com/rentease/modules/property/service/PropertyService.java:[24,31] cannot find symbol
  symbol:   method getTitle()
  location: variable request of type com.rentease.modules.property.dto.PropertyRequest
[ERROR] /C:/Users/User/Downloads/RentEase-main/RentEase-main/backend/src/main/java/com/rentease/modules/property/service/PropertyService.java:[25,37] cannot find symbol
  symbol:   method getDescription()
  location: variable request of type com.rentease.modules.property.dto.PropertyRequest
[ERROR] /C:/Users/User/Downloads/RentEase-main/RentEase-main/backend/src/main/java/com/rentease/modules/property/service/PropertyService.java:[26,33] cannot find symbol
  symbol:   method getAddress()
  location: variable request of type com.rentease.modules.property.dto.PropertyRequest
[ERROR] /C:/Users/User/Downloads/RentEase-main/RentEase-main/backend/src/main/java/com/rentease/modules/property/service/PropertyService.java:[27,30] cannot find symbol
  symbol:   method getCity()
  location: variable request of type com.rentease.modules.property.dto.PropertyRequest
[ERROR] /C:/Users/User/Downloads/RentEase-main/RentEase-main/backend/src/main/java/com/rentease/modules/property/service/PropertyService.java:[28,31] cannot find symbol
  symbol:   method getPrice()
  location: variable request of type com.rentease.modules.property.dto.PropertyRequest
[ERROR] /C:/Users/User/Downloads/RentEase-main/RentEase-main/backend/src/main/java/com/rentease/modules/property/service/PropertyService.java:[29,34] cannot find symbol
  symbol:   method getBedrooms()
  location: variable request of type com.rentease.modules.property.dto.PropertyRequest
[ERROR] /C:/Users/User/Downloads/RentEase-main/RentEase-main/backend/src/main/java/com/rentease/modules/property/service/PropertyService.java:[30,35] cannot find symbol
  symbol:   method getBathrooms()
  location: variable request of type com.rentease.modules.property.dto.PropertyRequest
[ERROR] /C:/Users/User/Downloads/RentEase-main/RentEase-main/backend/src/main/java/com/rentease/modules/property/service/PropertyService.java:[31,30] cannot find symbol
  symbol:   method getArea()
  location: variable request of type com.rentease.modules.property.dto.PropertyRequest
[ERROR] /C:/Users/User/Downloads/RentEase-main/RentEase-main/backend/src/main/java/com/rentease/modules/property/service/PropertyService.java:[32,38] cannot find symbol
  symbol:   method getPropertyType()
  location: variable request of type com.rentease.modules.property.dto.PropertyRequest
[ERROR] /C:/Users/User/Downloads/RentEase-main/RentEase-main/backend/src/main/java/com/rentease/modules/property/service/PropertyService.java:[33,35] cannot find symbol
  symbol:   method getAmenities()
  location: variable request of type com.rentease.modules.property.dto.PropertyRequest
[ERROR] /C:/Users/User/Downloads/RentEase-main/RentEase-main/backend/src/main/java/com/rentease/modules/property/service/PropertyService.java:[34,35] cannot find symbol
  symbol:   method getImageUrls()
  location: variable request of type com.rentease.modules.property.dto.PropertyRequest
[ERROR] /C:/Users/User/Downloads/RentEase-main/RentEase-main/backend/src/main/java/com/rentease/modules/property/service/PropertyService.java:[35,33] cannot find symbol
  symbol:   method getOwnerId()
  location: variable request of type com.rentease.modules.property.dto.PropertyRequest
[ERROR] /C:/Users/User/Downloads/RentEase-main/RentEase-main/backend/src/main/java/com/rentease/modules/property/service/PropertyService.java:[79,34] cannot find symbol
  symbol:   method getTitle()
  location: variable request of type com.rentease.modules.property.dto.PropertyRequest
[ERROR] /C:/Users/User/Downloads/RentEase-main/RentEase-main/backend/src/main/java/com/rentease/modules/property/service/PropertyService.java:[80,40] cannot find symbol
  symbol:   method getDescription()
  location: variable request of type com.rentease.modules.property.dto.PropertyRequest
[ERROR] /C:/Users/User/Downloads/RentEase-main/RentEase-main/backend/src/main/java/com/rentease/modules/property/service/PropertyService.java:[81,36] cannot find symbol
  symbol:   method getAddress()
  location: variable request of type com.rentease.modules.property.dto.PropertyRequest
[ERROR] /C:/Users/User/Downloads/RentEase-main/RentEase-main/backend/src/main/java/com/rentease/modules/property/service/PropertyService.java:[82,33] cannot find symbol
  symbol:   method getCity()
  location: variable request of type com.rentease.modules.property.dto.PropertyRequest
[ERROR] /C:/Users/User/Downloads/RentEase-main/RentEase-main/backend/src/main/java/com/rentease/modules/property/service/PropertyService.java:[83,34] cannot find symbol
  symbol:   method getPrice()
  location: variable request of type com.rentease.modules.property.dto.PropertyRequest
[ERROR] /C:/Users/User/Downloads/RentEase-main/RentEase-main/backend/src/main/java/com/rentease/modules/property/service/PropertyService.java:[84,37] cannot find symbol
  symbol:   method getBedrooms()
  location: variable request of type com.rentease.modules.property.dto.PropertyRequest
[ERROR] /C:/Users/User/Downloads/RentEase-main/RentEase-main/backend/src/main/java/com/rentease/modules/property/service/PropertyService.java:[85,38] cannot find symbol
  symbol:   method getBathrooms()
  location: variable request of type com.rentease.modules.property.dto.PropertyRequest
[ERROR] /C:/Users/User/Downloads/RentEase-main/RentEase-main/backend/src/main/java/com/rentease/modules/property/service/PropertyService.java:[86,33] cannot find symbol
  symbol:   method getArea()
  location: variable request of type com.rentease.modules.property.dto.PropertyRequest
[ERROR] /C:/Users/User/Downloads/RentEase-main/RentEase-main/backend/src/main/java/com/rentease/modules/property/service/PropertyService.java:[87,41] cannot find symbol
  symbol:   method getPropertyType()
  location: variable request of type com.rentease.modules.property.dto.PropertyRequest
[ERROR] /C:/Users/User/Downloads/RentEase-main/RentEase-main/backend/src/main/java/com/rentease/modules/property/service/PropertyService.java:[88,38] cannot find symbol
  symbol:   method getAmenities()
  location: variable request of type com.rentease.modules.property.dto.PropertyRequest
[ERROR] /C:/Users/User/Downloads/RentEase-main/RentEase-main/backend/src/main/java/com/rentease/modules/property/service/PropertyService.java:[89,38] cannot find symbol
  symbol:   method getImageUrls()
  location: variable request of type com.rentease.modules.property.dto.PropertyRequest
[ERROR] /C:/Users/User/Downloads/RentEase-main/RentEase-main/backend/src/main/java/com/rentease/modules/property/service/PropertyService.java:[97,17] cannot find symbol
  symbol:   method setStatus(com.rentease.common.enums.PropertyStatus)
  location: variable property of type com.rentease.modules.property.model.Property
[ERROR] /C:/Users/User/Downloads/RentEase-main/RentEase-main/backend/src/main/java/com/rentease/modules/property/service/PropertyService.java:[104,17] cannot find symbol
  symbol:   method setDeleted(boolean)
  location: variable property of type com.rentease.modules.property.model.Property
[ERROR] /C:/Users/User/Downloads/RentEase-main/RentEase-main/backend/src/main/java/com/rentease/modules/property/service/PropertyService.java:[105,17] cannot find symbol
  symbol:   method setStatus(com.rentease.common.enums.PropertyStatus)
  location: variable property of type com.rentease.modules.property.model.Property
[ERROR] /C:/Users/User/Downloads/RentEase-main/RentEase-main/backend/src/main/java/com/rentease/modules/property/service/PropertyService.java:[114,21] cannot find symbol
  symbol:   method isDeleted()
  location: variable property of type com.rentease.modules.property.model.Property
[ERROR] /C:/Users/User/Downloads/RentEase-main/RentEase-main/backend/src/main/java/com/rentease/modules/property/service/PropertyService.java:[121,32] cannot find symbol
  symbol:   method builder()
  location: class com.rentease.modules.property.dto.PropertyResponse
[ERROR] /C:/Users/User/Downloads/RentEase-main/RentEase-main/backend/src/main/java/com/rentease/modules/property/service/PropertyService.java:[122,29] cannot find symbol
  symbol:   method getId()
  location: variable property of type com.rentease.modules.property.model.Property
[ERROR] /C:/Users/User/Downloads/RentEase-main/RentEase-main/backend/src/main/java/com/rentease/modules/property/service/PropertyService.java:[123,32] cannot find symbol
  symbol:   method getTitle()
  location: variable property of type com.rentease.modules.property.model.Property
[ERROR] /C:/Users/User/Downloads/RentEase-main/RentEase-main/backend/src/main/java/com/rentease/modules/property/service/PropertyService.java:[124,38] cannot find symbol
  symbol:   method getDescription()
  location: variable property of type com.rentease.modules.property.model.Property
[ERROR] /C:/Users/User/Downloads/RentEase-main/RentEase-main/backend/src/main/java/com/rentease/modules/property/service/PropertyService.java:[125,34] cannot find symbol
  symbol:   method getAddress()
  location: variable property of type com.rentease.modules.property.model.Property
[ERROR] /C:/Users/User/Downloads/RentEase-main/RentEase-main/backend/src/main/java/com/rentease/modules/property/service/PropertyService.java:[126,31] cannot find symbol
  symbol:   method getCity()
  location: variable property of type com.rentease.modules.property.model.Property
[ERROR] /C:/Users/User/Downloads/RentEase-main/RentEase-main/backend/src/main/java/com/rentease/modules/property/service/PropertyService.java:[127,32] cannot find symbol
  symbol:   method getPrice()
  location: variable property of type com.rentease.modules.property.model.Property
[INFO] 100 errors 
[INFO] -------------------------------------------------------------
[INFO] ------------------------------------------------------------------------
[INFO] BUILD FAILURE
[INFO] ------------------------------------------------------------------------
[INFO] Total time:  5.026 s
[INFO] Finished at: 2026-03-26T08:25:55+05:30
[INFO] ------------------------------------------------------------------------
[ERROR] Failed to execute goal org.apache.maven.plugins:maven-compiler-plugin:3.11.0:compile (default-compile) on project RentEase: Compilation failure: Compilation failure: 
[ERROR] /C:/Users/User/Downloads/RentEase-main/RentEase-main/backend/src/main/java/com/rentease/modules/analytics/controller/AnalyticsController.java:[6,46] cannot access com.rentease.modules.analytics.service.AnalyticsService
[ERROR]   bad source file: C:\Users\User\Downloads\RentEase-main\RentEase-main\backend\src\main\java\com\rentease\modules\analytics\service\AnalyticsService.java
[ERROR]     file does not contain class com.rentease.modules.analytics.service.AnalyticsService
[ERROR]     Please remove or make sure it appears in the correct subdirectory of the sourcepath.
[ERROR] /C:/Users/User/Downloads/RentEase-main/RentEase-main/backend/src/main/java/com/rentease/modules/analytics/service/AnalyticsService.java:[26,8] duplicate class: AnalyticsService
[ERROR] /C:/Users/User/Downloads/RentEase-main/RentEase-main/backend/src/main/java/com/rentease/modules/analytics/controller/AnalyticsController.java:[21,19] cannot find symbol
[ERROR]   symbol:   class AnalyticsService
[ERROR]   location: class com.rentease.modules.analytics.controller.AnalyticsController
[ERROR] /C:/Users/User/Downloads/RentEase-main/RentEase-main/backend/src/main/java/com/rentease/modules/review/service/ReviewService.java:[33,9] cannot find symbol
[ERROR]   symbol:   variable log
[ERROR]   location: class com.rentease.modules.review.service.ReviewService
[ERROR] /C:/Users/User/Downloads/RentEase-main/RentEase-main/backend/src/main/java/com/rentease/modules/review/service/ReviewService.java:[33,77] cannot find symbol
[ERROR]   symbol:   method getPropertyId()
[ERROR]   location: variable request of type com.rentease.modules.review.dto.ReviewRequest
[ERROR] /C:/Users/User/Downloads/RentEase-main/RentEase-main/backend/src/main/java/com/rentease/modules/review/service/ReviewService.java:[35,22] invalid method reference
[ERROR]   cannot find symbol
[ERROR]     symbol:   method getFullName()
[ERROR]     location: class com.rentease.modules.user.model.User
[ERROR] /C:/Users/User/Downloads/RentEase-main/RentEase-main/backend/src/main/java/com/rentease/modules/review/service/ReviewService.java:[38,9] cannot find symbol
[ERROR]   symbol:   variable log
[ERROR]   location: class com.rentease.modules.review.service.ReviewService
[ERROR] /C:/Users/User/Downloads/RentEase-main/RentEase-main/backend/src/main/java/com/rentease/modules/review/service/ReviewService.java:[40,31] cannot find symbol
[ERROR]   symbol:   method builder()
[ERROR]   location: class com.rentease.modules.review.model.Review
[ERROR] /C:/Users/User/Downloads/RentEase-main/RentEase-main/backend/src/main/java/com/rentease/modules/review/service/ReviewService.java:[41,36] cannot find symbol
[ERROR]   symbol:   method getPropertyId()
[ERROR]   location: variable request of type com.rentease.modules.review.dto.ReviewRequest
[ERROR] /C:/Users/User/Downloads/RentEase-main/RentEase-main/backend/src/main/java/com/rentease/modules/review/service/ReviewService.java:[44,32] cannot find symbol
[ERROR]   symbol:   method getRating()
[ERROR]   location: variable request of type com.rentease.modules.review.dto.ReviewRequest
[ERROR] /C:/Users/User/Downloads/RentEase-main/RentEase-main/backend/src/main/java/com/rentease/modules/review/service/ReviewService.java:[45,33] cannot find symbol
[ERROR]   symbol:   method getComment()
[ERROR]   location: variable request of type com.rentease.modules.review.dto.ReviewRequest
[ERROR] /C:/Users/User/Downloads/RentEase-main/RentEase-main/backend/src/main/java/com/rentease/modules/review/service/ReviewService.java:[46,32] cannot find symbol
[ERROR]   symbol:   method getPhotos()
[ERROR]   location: variable request of type com.rentease.modules.review.dto.ReviewRequest
[ERROR] /C:/Users/User/Downloads/RentEase-main/RentEase-main/backend/src/main/java/com/rentease/modules/review/service/ReviewService.java:[57,42] cannot find symbol
[ERROR]   symbol:   method isDeleted()
[ERROR]   location: variable review of type com.rentease.modules.review.model.Review
[ERROR] /C:/Users/User/Downloads/RentEase-main/RentEase-main/backend/src/main/java/com/rentease/modules/review/service/ReviewService.java:[69,31] cannot find symbol
[ERROR]   symbol:   method getReviewerName()
[ERROR]   location: variable r of type com.rentease.modules.review.model.Review
[ERROR] /C:/Users/User/Downloads/RentEase-main/RentEase-main/backend/src/main/java/com/rentease/modules/review/service/ReviewService.java:[69,62] cannot find symbol
[ERROR]   symbol:   method getReviewerName()
[ERROR]   location: variable r of type com.rentease.modules.review.model.Review
[ERROR] /C:/Users/User/Downloads/RentEase-main/RentEase-main/backend/src/main/java/com/rentease/modules/review/service/ReviewService.java:[70,22] invalid method reference
[ERROR]   cannot find symbol
[ERROR]     symbol:   method getReviewerId()
[ERROR]     location: class com.rentease.modules.review.model.Review
[ERROR] /C:/Users/User/Downloads/RentEase-main/RentEase-main/backend/src/main/java/com/rentease/modules/review/service/ReviewService.java:[74,43] invalid method reference
[ERROR]   cannot find symbol
[ERROR]     symbol:   method getId()
[ERROR]     location: class com.rentease.modules.user.model.User
[ERROR] /C:/Users/User/Downloads/RentEase-main/RentEase-main/backend/src/main/java/com/rentease/modules/review/service/ReviewService.java:[74,88] invalid method reference
[ERROR]   cannot find symbol
[ERROR]     symbol:   method getFullName()
[ERROR]     location: class com.rentease.modules.user.model.User
[ERROR] /C:/Users/User/Downloads/RentEase-main/RentEase-main/backend/src/main/java/com/rentease/modules/review/service/ReviewService.java:[79,29] cannot find symbol
[ERROR]   symbol:   method getReviewerName()
[ERROR]   location: variable resp of type com.rentease.modules.review.dto.ReviewResponse
[ERROR] /C:/Users/User/Downloads/RentEase-main/RentEase-main/backend/src/main/java/com/rentease/modules/review/service/ReviewService.java:[79,63] cannot find symbol
[ERROR]   symbol:   method getReviewerName()
[ERROR]   location: variable resp of type com.rentease.modules.review.dto.ReviewResponse
[ERROR] /C:/Users/User/Downloads/RentEase-main/RentEase-main/backend/src/main/java/com/rentease/modules/review/service/ReviewService.java:[80,70] cannot find symbol
[ERROR]   symbol:   method getReviewerId()
[ERROR]   location: variable r of type com.rentease.modules.review.model.Review
[ERROR] /C:/Users/User/Downloads/RentEase-main/RentEase-main/backend/src/main/java/com/rentease/modules/review/service/ReviewService.java:[80,92] cannot find symbol
[ERROR]   symbol:   method getReviewerName()
[ERROR]   location: variable resp of type com.rentease.modules.review.dto.ReviewResponse
[ERROR] /C:/Users/User/Downloads/RentEase-main/RentEase-main/backend/src/main/java/com/rentease/modules/review/service/ReviewService.java:[104,24] cannot find symbol
[ERROR]   symbol:   method getPropertyId()
[ERROR]   location: variable review of type com.rentease.modules.review.model.Review
[ERROR] /C:/Users/User/Downloads/RentEase-main/RentEase-main/backend/src/main/java/com/rentease/modules/review/service/ReviewService.java:[105,71] cannot find symbol
[ERROR]   symbol:   method getPropertyId()
[ERROR]   location: variable review of type com.rentease.modules.review.model.Review
[ERROR] /C:/Users/User/Downloads/RentEase-main/RentEase-main/backend/src/main/java/com/rentease/modules/review/service/ReviewService.java:[106,98] cannot find symbol
[ERROR]   symbol:   method getPropertyId()
[ERROR]   location: variable review of type com.rentease.modules.review.model.Review
[ERROR] /C:/Users/User/Downloads/RentEase-main/RentEase-main/backend/src/main/java/com/rentease/modules/review/service/ReviewService.java:[107,30] cannot find symbol
[ERROR]   symbol:   method getOwnerId()
[ERROR]   location: variable property of type com.rentease.modules.property.model.Property
[ERROR] /C:/Users/User/Downloads/RentEase-main/RentEase-main/backend/src/main/java/com/rentease/modules/review/service/ReviewService.java:[113,15] cannot find symbol
[ERROR]   symbol:   method setStatus(com.rentease.common.enums.ReviewStatus)
[ERROR]   location: variable review of type com.rentease.modules.review.model.Review
[ERROR] /C:/Users/User/Downloads/RentEase-main/RentEase-main/backend/src/main/java/com/rentease/modules/review/service/ReviewService.java:[122,20] cannot find symbol
[ERROR]   symbol:   method getPropertyId()
[ERROR]   location: variable review of type com.rentease.modules.review.model.Review
[ERROR] /C:/Users/User/Downloads/RentEase-main/RentEase-main/backend/src/main/java/com/rentease/modules/review/service/ReviewService.java:[123,67] cannot find symbol
[ERROR]   symbol:   method getPropertyId()
[ERROR]   location: variable review of type com.rentease.modules.review.model.Review
[ERROR] /C:/Users/User/Downloads/RentEase-main/RentEase-main/backend/src/main/java/com/rentease/modules/review/service/ReviewService.java:[124,94] cannot find symbol
[ERROR]   symbol:   method getPropertyId()
[ERROR]   location: variable review of type com.rentease.modules.review.model.Review
[ERROR] /C:/Users/User/Downloads/RentEase-main/RentEase-main/backend/src/main/java/com/rentease/modules/review/service/ReviewService.java:[126,26] cannot find symbol
[ERROR]   symbol:   method getOwnerId()
[ERROR]   location: variable property of type com.rentease.modules.property.model.Property
[ERROR] /C:/Users/User/Downloads/RentEase-main/RentEase-main/backend/src/main/java/com/rentease/modules/review/service/ReviewService.java:[131,15] cannot find symbol
[ERROR]   symbol:   method setOwnerReply(java.lang.String)
[ERROR]   location: variable review of type com.rentease.modules.review.model.Review
[ERROR] /C:/Users/User/Downloads/RentEase-main/RentEase-main/backend/src/main/java/com/rentease/modules/review/service/ReviewService.java:[132,15] cannot find symbol
[ERROR]   symbol:   method setRepliedAt(java.time.LocalDateTime)
[ERROR]   location: variable review of type com.rentease.modules.review.model.Review
[ERROR] /C:/Users/User/Downloads/RentEase-main/RentEase-main/backend/src/main/java/com/rentease/modules/review/service/ReviewService.java:[139,9] cannot find symbol
[ERROR]   symbol:   variable log
[ERROR]   location: class com.rentease.modules.review.service.ReviewService
[ERROR] /C:/Users/User/Downloads/RentEase-main/RentEase-main/backend/src/main/java/com/rentease/modules/review/service/ReviewService.java:[143,20] cannot find symbol
[ERROR]   symbol:   method getReviewerId()
[ERROR]   location: variable review of type com.rentease.modules.review.model.Review
[ERROR] /C:/Users/User/Downloads/RentEase-main/RentEase-main/backend/src/main/java/com/rentease/modules/review/service/ReviewService.java:[144,13] cannot find symbol
[ERROR]   symbol:   variable log
[ERROR]   location: class com.rentease.modules.review.service.ReviewService
[ERROR] /C:/Users/User/Downloads/RentEase-main/RentEase-main/backend/src/main/java/com/rentease/modules/review/service/ReviewService.java:[144,81] cannot find symbol
[ERROR]   symbol:   method getReviewerId()
[ERROR]   location: variable review of type com.rentease.modules.review.model.Review
[ERROR] /C:/Users/User/Downloads/RentEase-main/RentEase-main/backend/src/main/java/com/rentease/modules/review/service/ReviewService.java:[148,33] cannot find symbol
[ERROR]   symbol:   method getRating()
[ERROR]   location: variable request of type com.rentease.modules.review.dto.ReviewRequest
[ERROR] /C:/Users/User/Downloads/RentEase-main/RentEase-main/backend/src/main/java/com/rentease/modules/review/service/ReviewService.java:[149,34] cannot find symbol
[ERROR]   symbol:   method getComment()
[ERROR]   location: variable request of type com.rentease.modules.review.dto.ReviewRequest
[ERROR] /C:/Users/User/Downloads/RentEase-main/RentEase-main/backend/src/main/java/com/rentease/modules/review/service/ReviewService.java:[150,33] cannot find symbol
[ERROR]   symbol:   method getPhotos()
[ERROR]   location: variable request of type com.rentease.modules.review.dto.ReviewRequest
[ERROR] /C:/Users/User/Downloads/RentEase-main/RentEase-main/backend/src/main/java/com/rentease/modules/review/service/ReviewService.java:[152,15] cannot find symbol
[ERROR]   symbol:   method setStatus(com.rentease.common.enums.ReviewStatus)
[ERROR]   location: variable review of type com.rentease.modules.review.model.Review
[ERROR] /C:/Users/User/Downloads/RentEase-main/RentEase-main/backend/src/main/java/com/rentease/modules/review/service/ReviewService.java:[159,9] cannot find symbol
[ERROR]   symbol:   variable log
[ERROR]   location: class com.rentease.modules.review.service.ReviewService
[ERROR] /C:/Users/User/Downloads/RentEase-main/RentEase-main/backend/src/main/java/com/rentease/modules/review/service/ReviewService.java:[163,20] cannot find symbol
[ERROR]   symbol:   method getReviewerId()
[ERROR]   location: variable review of type com.rentease.modules.review.model.Review
[ERROR] /C:/Users/User/Downloads/RentEase-main/RentEase-main/backend/src/main/java/com/rentease/modules/review/service/ReviewService.java:[164,13] cannot find symbol
[ERROR]   symbol:   variable log
[ERROR]   location: class com.rentease.modules.review.service.ReviewService
[ERROR] /C:/Users/User/Downloads/RentEase-main/RentEase-main/backend/src/main/java/com/rentease/modules/review/service/ReviewService.java:[164,81] cannot find symbol
[ERROR]   symbol:   method getReviewerId()
[ERROR]   location: variable review of type com.rentease.modules.review.model.Review
[ERROR] /C:/Users/User/Downloads/RentEase-main/RentEase-main/backend/src/main/java/com/rentease/modules/review/service/ReviewService.java:[173,9] cannot find symbol
[ERROR]   symbol:   variable log
[ERROR]   location: class com.rentease.modules.review.service.ReviewService
[ERROR] /C:/Users/User/Downloads/RentEase-main/RentEase-main/backend/src/main/java/com/rentease/modules/review/service/ReviewService.java:[177,22] invalid method reference
[ERROR]   cannot find symbol
[ERROR]     symbol:   method getId()
[ERROR]     location: class com.rentease.modules.property.model.Property
[ERROR] /C:/Users/User/Downloads/RentEase-main/RentEase-main/backend/src/main/java/com/rentease/modules/review/service/ReviewService.java:[186,9] cannot find symbol
[ERROR]   symbol:   variable log
[ERROR]   location: class com.rentease.modules.review.service.ReviewService
[ERROR] /C:/Users/User/Downloads/RentEase-main/RentEase-main/backend/src/main/java/com/rentease/modules/review/service/ReviewService.java:[194,36] cannot find symbol
[ERROR]   symbol:   method getCreatedAt()
[ERROR]   location: variable b of type com.rentease.modules.review.dto.ReviewResponse
[ERROR] /C:/Users/User/Downloads/RentEase-main/RentEase-main/backend/src/main/java/com/rentease/modules/review/service/ReviewService.java:[194,63] cannot find symbol
[ERROR]   symbol:   method getCreatedAt()
[ERROR]   location: variable a of type com.rentease.modules.review.dto.ReviewResponse
[ERROR] /C:/Users/User/Downloads/RentEase-main/RentEase-main/backend/src/main/java/com/rentease/modules/review/service/ReviewService.java:[199,37] cannot find symbol
[ERROR]   symbol:   method getReviewerName()
[ERROR]   location: variable review of type com.rentease.modules.review.model.Review
[ERROR] /C:/Users/User/Downloads/RentEase-main/RentEase-main/backend/src/main/java/com/rentease/modules/review/service/ReviewService.java:[201,58] cannot find symbol
[ERROR]   symbol:   method getReviewerId()
[ERROR]   location: variable review of type com.rentease.modules.review.model.Review
[ERROR] /C:/Users/User/Downloads/RentEase-main/RentEase-main/backend/src/main/java/com/rentease/modules/review/service/ReviewService.java:[202,26] invalid method reference
[ERROR]   cannot find symbol
[ERROR]     symbol:   method getFullName()
[ERROR]     location: class com.rentease.modules.user.model.User
[ERROR] /C:/Users/User/Downloads/RentEase-main/RentEase-main/backend/src/main/java/com/rentease/modules/review/service/ReviewService.java:[206,30] cannot find symbol
[ERROR]   symbol:   method builder()
[ERROR]   location: class com.rentease.modules.review.dto.ReviewResponse
[ERROR] /C:/Users/User/Downloads/RentEase-main/RentEase-main/backend/src/main/java/com/rentease/modules/review/service/ReviewService.java:[207,27] cannot find symbol
[ERROR]   symbol:   method getId()
[ERROR]   location: variable review of type com.rentease.modules.review.model.Review
[ERROR] /C:/Users/User/Downloads/RentEase-main/RentEase-main/backend/src/main/java/com/rentease/modules/review/service/ReviewService.java:[208,35] cannot find symbol
[ERROR]   symbol:   method getPropertyId()
[ERROR]   location: variable review of type com.rentease.modules.review.model.Review
[ERROR] /C:/Users/User/Downloads/RentEase-main/RentEase-main/backend/src/main/java/com/rentease/modules/review/service/ReviewService.java:[209,35] cannot find symbol
[ERROR]   symbol:   method getReviewerId()
[ERROR]   location: variable review of type com.rentease.modules.review.model.Review
[ERROR] /C:/Users/User/Downloads/RentEase-main/RentEase-main/backend/src/main/java/com/rentease/modules/review/service/ReviewService.java:[211,31] cannot find symbol
[ERROR]   symbol:   method getRating()
[ERROR]   location: variable review of type com.rentease.modules.review.model.Review
[ERROR] /C:/Users/User/Downloads/RentEase-main/RentEase-main/backend/src/main/java/com/rentease/modules/review/service/ReviewService.java:[212,32] cannot find symbol
[ERROR]   symbol:   method getComment()
[ERROR]   location: variable review of type com.rentease.modules.review.model.Review
[ERROR] /C:/Users/User/Downloads/RentEase-main/RentEase-main/backend/src/main/java/com/rentease/modules/review/service/ReviewService.java:[213,31] cannot find symbol
[ERROR]   symbol:   method getPhotos()
[ERROR]   location: variable review of type com.rentease.modules.review.model.Review
[ERROR] /C:/Users/User/Downloads/RentEase-main/RentEase-main/backend/src/main/java/com/rentease/modules/review/service/ReviewService.java:[214,35] cannot find symbol
[ERROR]   symbol:   method getOwnerReply()
[ERROR]   location: variable review of type com.rentease.modules.review.model.Review
[ERROR] /C:/Users/User/Downloads/RentEase-main/RentEase-main/backend/src/main/java/com/rentease/modules/review/service/ReviewService.java:[215,34] cannot find symbol
[ERROR]   symbol:   method getRepliedAt()
[ERROR]   location: variable review of type com.rentease.modules.review.model.Review
[ERROR] /C:/Users/User/Downloads/RentEase-main/RentEase-main/backend/src/main/java/com/rentease/modules/review/service/ReviewService.java:[216,31] cannot find symbol
[ERROR]   symbol:   method getStatus()
[ERROR]   location: variable review of type com.rentease.modules.review.model.Review
[ERROR] /C:/Users/User/Downloads/RentEase-main/RentEase-main/backend/src/main/java/com/rentease/modules/review/service/ReviewService.java:[217,34] cannot find symbol
[ERROR]   symbol:   method getCreatedAt()
[ERROR]   location: variable review of type com.rentease.modules.review.model.Review
[ERROR] /C:/Users/User/Downloads/RentEase-main/RentEase-main/backend/src/main/java/com/rentease/modules/review/service/ReviewService.java:[218,34] cannot find symbol
[ERROR]   symbol:   method getUpdatedAt()
[ERROR]   location: variable review of type com.rentease.modules.review.model.Review
[ERROR] /C:/Users/User/Downloads/RentEase-main/RentEase-main/backend/src/main/java/com/rentease/modules/property/service/PropertyService.java:[23,37] cannot find symbol
[ERROR]   symbol:   method builder()
[ERROR]   location: class com.rentease.modules.property.model.Property
[ERROR] /C:/Users/User/Downloads/RentEase-main/RentEase-main/backend/src/main/java/com/rentease/modules/property/service/PropertyService.java:[24,31] cannot find symbol
[ERROR]   symbol:   method getTitle()
[ERROR]   location: variable request of type com.rentease.modules.property.dto.PropertyRequest
[ERROR] /C:/Users/User/Downloads/RentEase-main/RentEase-main/backend/src/main/java/com/rentease/modules/property/service/PropertyService.java:[25,37] cannot find symbol
[ERROR]   symbol:   method getDescription()
[ERROR]   location: variable request of type com.rentease.modules.property.dto.PropertyRequest
[ERROR] /C:/Users/User/Downloads/RentEase-main/RentEase-main/backend/src/main/java/com/rentease/modules/property/service/PropertyService.java:[26,33] cannot find symbol
[ERROR]   symbol:   method getAddress()
[ERROR]   location: variable request of type com.rentease.modules.property.dto.PropertyRequest
[ERROR] /C:/Users/User/Downloads/RentEase-main/RentEase-main/backend/src/main/java/com/rentease/modules/property/service/PropertyService.java:[27,30] cannot find symbol
[ERROR]   symbol:   method getCity()
[ERROR]   location: variable request of type com.rentease.modules.property.dto.PropertyRequest
[ERROR] /C:/Users/User/Downloads/RentEase-main/RentEase-main/backend/src/main/java/com/rentease/modules/property/service/PropertyService.java:[28,31] cannot find symbol
[ERROR]   symbol:   method getPrice()
[ERROR]   location: variable request of type com.rentease.modules.property.dto.PropertyRequest
[ERROR] /C:/Users/User/Downloads/RentEase-main/RentEase-main/backend/src/main/java/com/rentease/modules/property/service/PropertyService.java:[29,34] cannot find symbol
[ERROR]   symbol:   method getBedrooms()
[ERROR]   location: variable request of type com.rentease.modules.property.dto.PropertyRequest
[ERROR] /C:/Users/User/Downloads/RentEase-main/RentEase-main/backend/src/main/java/com/rentease/modules/property/service/PropertyService.java:[30,35] cannot find symbol
[ERROR]   symbol:   method getBathrooms()
[ERROR]   location: variable request of type com.rentease.modules.property.dto.PropertyRequest
[ERROR] /C:/Users/User/Downloads/RentEase-main/RentEase-main/backend/src/main/java/com/rentease/modules/property/service/PropertyService.java:[31,30] cannot find symbol
[ERROR]   symbol:   method getArea()
[ERROR]   location: variable request of type com.rentease.modules.property.dto.PropertyRequest
[ERROR] /C:/Users/User/Downloads/RentEase-main/RentEase-main/backend/src/main/java/com/rentease/modules/property/service/PropertyService.java:[32,38] cannot find symbol
[ERROR]   symbol:   method getPropertyType()
[ERROR]   location: variable request of type com.rentease.modules.property.dto.PropertyRequest
[ERROR] /C:/Users/User/Downloads/RentEase-main/RentEase-main/backend/src/main/java/com/rentease/modules/property/service/PropertyService.java:[33,35] cannot find symbol
[ERROR]   symbol:   method getAmenities()
[ERROR]   location: variable request of type com.rentease.modules.property.dto.PropertyRequest
[ERROR] /C:/Users/User/Downloads/RentEase-main/RentEase-main/backend/src/main/java/com/rentease/modules/property/service/PropertyService.java:[34,35] cannot find symbol
[ERROR]   symbol:   method getImageUrls()
[ERROR]   location: variable request of type com.rentease.modules.property.dto.PropertyRequest
[ERROR] /C:/Users/User/Downloads/RentEase-main/RentEase-main/backend/src/main/java/com/rentease/modules/property/service/PropertyService.java:[35,33] cannot find symbol
[ERROR]   symbol:   method getOwnerId()
[ERROR]   location: variable request of type com.rentease.modules.property.dto.PropertyRequest
[ERROR] /C:/Users/User/Downloads/RentEase-main/RentEase-main/backend/src/main/java/com/rentease/modules/property/service/PropertyService.java:[79,34] cannot find symbol
[ERROR]   symbol:   method getTitle()
[ERROR]   location: variable request of type com.rentease.modules.property.dto.PropertyRequest
[ERROR] /C:/Users/User/Downloads/RentEase-main/RentEase-main/backend/src/main/java/com/rentease/modules/property/service/PropertyService.java:[80,40] cannot find symbol
[ERROR]   symbol:   method getDescription()
[ERROR]   location: variable request of type com.rentease.modules.property.dto.PropertyRequest
[ERROR] /C:/Users/User/Downloads/RentEase-main/RentEase-main/backend/src/main/java/com/rentease/modules/property/service/PropertyService.java:[81,36] cannot find symbol
[ERROR]   symbol:   method getAddress()
[ERROR]   location: variable request of type com.rentease.modules.property.dto.PropertyRequest
[ERROR] /C:/Users/User/Downloads/RentEase-main/RentEase-main/backend/src/main/java/com/rentease/modules/property/service/PropertyService.java:[82,33] cannot find symbol
[ERROR]   symbol:   method getCity()
[ERROR]   location: variable request of type com.rentease.modules.property.dto.PropertyRequest
[ERROR] /C:/Users/User/Downloads/RentEase-main/RentEase-main/backend/src/main/java/com/rentease/modules/property/service/PropertyService.java:[83,34] cannot find symbol
[ERROR]   symbol:   method getPrice()
[ERROR]   location: variable request of type com.rentease.modules.property.dto.PropertyRequest
[ERROR] /C:/Users/User/Downloads/RentEase-main/RentEase-main/backend/src/main/java/com/rentease/modules/property/service/PropertyService.java:[84,37] cannot find symbol
[ERROR]   symbol:   method getBedrooms()
[ERROR]   location: variable request of type com.rentease.modules.property.dto.PropertyRequest
[ERROR] /C:/Users/User/Downloads/RentEase-main/RentEase-main/backend/src/main/java/com/rentease/modules/property/service/PropertyService.java:[85,38] cannot find symbol
[ERROR]   symbol:   method getBathrooms()
[ERROR]   location: variable request of type com.rentease.modules.property.dto.PropertyRequest
[ERROR] /C:/Users/User/Downloads/RentEase-main/RentEase-main/backend/src/main/java/com/rentease/modules/property/service/PropertyService.java:[86,33] cannot find symbol
[ERROR]   symbol:   method getArea()
[ERROR]   location: variable request of type com.rentease.modules.property.dto.PropertyRequest
[ERROR] /C:/Users/User/Downloads/RentEase-main/RentEase-main/backend/src/main/java/com/rentease/modules/property/service/PropertyService.java:[87,41] cannot find symbol
[ERROR]   symbol:   method getPropertyType()
[ERROR]   location: variable request of type com.rentease.modules.property.dto.PropertyRequest
[ERROR] /C:/Users/User/Downloads/RentEase-main/RentEase-main/backend/src/main/java/com/rentease/modules/property/service/PropertyService.java:[88,38] cannot find symbol
[ERROR]   symbol:   method getAmenities()
[ERROR]   location: variable request of type com.rentease.modules.property.dto.PropertyRequest
[ERROR] /C:/Users/User/Downloads/RentEase-main/RentEase-main/backend/src/main/java/com/rentease/modules/property/service/PropertyService.java:[89,38] cannot find symbol
[ERROR]   symbol:   method getImageUrls()
[ERROR]   location: variable request of type com.rentease.modules.property.dto.PropertyRequest
[ERROR] /C:/Users/User/Downloads/RentEase-main/RentEase-main/backend/src/main/java/com/rentease/modules/property/service/PropertyService.java:[97,17] cannot find symbol
[ERROR]   symbol:   method setStatus(com.rentease.common.enums.PropertyStatus)
[ERROR]   location: variable property of type com.rentease.modules.property.model.Property
[ERROR] /C:/Users/User/Downloads/RentEase-main/RentEase-main/backend/src/main/java/com/rentease/modules/property/service/PropertyService.java:[104,17] cannot find symbol
[ERROR]   symbol:   method setDeleted(boolean)
[ERROR]   location: variable property of type com.rentease.modules.property.model.Property
[ERROR] /C:/Users/User/Downloads/RentEase-main/RentEase-main/backend/src/main/java/com/rentease/modules/property/service/PropertyService.java:[105,17] cannot find symbol
[ERROR]   symbol:   method setStatus(com.rentease.common.enums.PropertyStatus)
[ERROR]   location: variable property of type com.rentease.modules.property.model.Property
[ERROR] /C:/Users/User/Downloads/RentEase-main/RentEase-main/backend/src/main/java/com/rentease/modules/property/service/PropertyService.java:[114,21] cannot find symbol
[ERROR]   symbol:   method isDeleted()
[ERROR]   location: variable property of type com.rentease.modules.property.model.Property
[ERROR] /C:/Users/User/Downloads/RentEase-main/RentEase-main/backend/src/main/java/com/rentease/modules/property/service/PropertyService.java:[121,32] cannot find symbol
[ERROR]   symbol:   method builder()
[ERROR]   location: class com.rentease.modules.property.dto.PropertyResponse
[ERROR] /C:/Users/User/Downloads/RentEase-main/RentEase-main/backend/src/main/java/com/rentease/modules/property/service/PropertyService.java:[122,29] cannot find symbol
[ERROR]   symbol:   method getId()
[ERROR]   location: variable property of type com.rentease.modules.property.model.Property
[ERROR] /C:/Users/User/Downloads/RentEase-main/RentEase-main/backend/src/main/java/com/rentease/modules/property/service/PropertyService.java:[123,32] cannot find symbol
[ERROR]   symbol:   method getTitle()
[ERROR]   location: variable property of type com.rentease.modules.property.model.Property
[ERROR] /C:/Users/User/Downloads/RentEase-main/RentEase-main/backend/src/main/java/com/rentease/modules/property/service/PropertyService.java:[124,38] cannot find symbol
[ERROR]   symbol:   method getDescription()
[ERROR]   location: variable property of type com.rentease.modules.property.model.Property
[ERROR] /C:/Users/User/Downloads/RentEase-main/RentEase-main/backend/src/main/java/com/rentease/modules/property/service/PropertyService.java:[125,34] cannot find symbol
[ERROR]   symbol:   method getAddress()
[ERROR]   location: variable property of type com.rentease.modules.property.model.Property
[ERROR] /C:/Users/User/Downloads/RentEase-main/RentEase-main/backend/src/main/java/com/rentease/modules/property/service/PropertyService.java:[126,31] cannot find symbol
[ERROR]   symbol:   method getCity()
[ERROR]   location: variable property of type com.rentease.modules.property.model.Property
[ERROR] /C:/Users/User/Downloads/RentEase-main/RentEase-main/backend/src/main/java/com/rentease/modules/property/service/PropertyService.java:[127,32] cannot find symbol
[ERROR]   symbol:   method getPrice()
[ERROR]   location: variable property of type com.rentease.modules.property.model.Property
[ERROR] -> [Help 1]
[ERROR] 
[ERROR] To see the full stack trace of the errors, re-run Maven with the -e switch.
[ERROR] Re-run Maven using the -X switch to enable full debug logging.
[ERROR] 
[ERROR] For more information about the errors and possible solutions, please read the following articles:
[ERROR] [Help 1] http://cwiki.apache.org/confluence/display/MAVEN/MojoFailureException
